// Jest Snapshot v1, https://goo.gl/fbAQLP

exports[`Datetime should match snapshot 1`] = `
<div
  class="s-datetime"
>
  <datetime-stub
    auto="true"
    backdropclick="true"
    hourstep="1"
    inputclass=""
    inputstyle=""
    minutestep="1"
    phrases="[object Object]"
    placeholder="Set a date"
    type="date"
    value="2020-01-01"
    valuezone="UTC"
    weekstart="1"
    zone="local"
  />
</div>
`;
